                 -1   $MODMAX10
0000              1   ;--------------------------------------------------------
0000              2   ; Special Function Registers
0000              3   ;--------------------------------------------------------
0000              4   P0             DATA 0x80
0000              5   SP             DATA 0x81
0000              6   DPL            DATA 0x82
0000              7   DPH            DATA 0x83
0000              8   PCON           DATA 0x87
0000              9   TCON           DATA 0x88
0000             10   TMOD           DATA 0x89
0000             11   TL0            DATA 0x8a
0000             12   TL1            DATA 0x8b
0000             13   TH0            DATA 0x8c
0000             14   TH1            DATA 0x8d
0000             15   P1             DATA 0x90
0000             16   SCON           DATA 0x98
0000             17   SBUF           DATA 0x99
0000             18   P2             DATA 0xa0
0000             19   IE             DATA 0xa8
0000             20   P3             DATA 0xb0
0000             21   IP             DATA 0xb8
0000             22   PSW            DATA 0xd0
0000             23   ACC            DATA 0xe0
0000             24   B              DATA 0xf0
0000             25   T2CON          DATA 0xc8
0000             26   RCAP2L         DATA 0xca
0000             27   RCAP2H         DATA 0xcb
0000             28   TL2            DATA 0xcc
0000             29   TH2            DATA 0xcd
0000             30   DPS            DATA 0x86
0000             31   DPH1           DATA 0x85
0000             32   DPL1           DATA 0x84
0000             33   HEX0           DATA 0x91
0000             34   HEX1           DATA 0x92
0000             35   HEX2           DATA 0x93
0000             36   HEX3           DATA 0x94
0000             37   HEX4           DATA 0x8e
0000             38   HEX5           DATA 0x8f
0000             39   LEDRA          DATA 0xe8
0000             40   LEDRB          DATA 0x95
0000             41   SWA            DATA 0xe8
0000             42   SWB            DATA 0x95
0000             43   KEY            DATA 0xf8
0000             44   P0MOD          DATA 0x9a
0000             45   P1MOD          DATA 0x9b
0000             46   P2MOD          DATA 0x9c
0000             47   P3MOD          DATA 0x9d
0000             48   REP_ADD_L      DATA 0xf1
0000             49   REP_ADD_H      DATA 0xf2
0000             50   REP_VALUE      DATA 0xf3
0000             51   DEBUG_CALL_L   DATA 0xfa
0000             52   DEBUG_CALL_H   DATA 0xfb
0000             53   BPC            DATA 0xfc
0000             54   BPS            DATA 0xfd
0000             55   BPAL           DATA 0xfe
0000             56   BPAH           DATA 0xff
0000             57   LBPAL          DATA 0xfa
0000             58   LBPAH          DATA 0xfb
0000             59   P4             DATA 0xc0
0000             60   P4MOD          DATA 0xc1
0000             61   XRAMUSEDAS     DATA 0xc3
0000             62   UFM_ADD0       DATA 0xe1
0000             63   UFM_ADD1       DATA 0xe2
0000             64   UFM_ADD2       DATA 0xe3
0000             65   UFM_DATA0      DATA 0xe4
0000             66   UFM_DATA1      DATA 0xe5
0000             67   UFM_DATA2      DATA 0xe6
0000             68   UFM_DATA3      DATA 0xe7
0000             69   UFM_CONTROL0   DATA 0xe9
0000             70   UFM_CONTROL1   DATA 0xea
0000             71   UFM_CONTROL2   DATA 0xeb
0000             72   UFM_CONTROL3   DATA 0xec
0000             73   UFM_DATA_CMD   DATA 0xed
0000             74   UFM_DATA_STATUS DATA 0xee
0000             75   UFM_CONTROL_CMD DATA 0xef
0000             76   ADC_C          DATA 0xa1
0000             77   ADC_L          DATA 0xa2
0000             78   ADC_H          DATA 0xa3
0000             79   
0000             80   ;--------------------------------------------------------
0000             81   ; special function bits
0000             82   ;--------------------------------------------------------
0000             83   P0_0           BIT 0x80
0000             84   P0_1           BIT 0x81
0000             85   P0_2           BIT 0x82
0000             86   P0_3           BIT 0x83
0000             87   P0_4           BIT 0x84
0000             88   P0_5           BIT 0x85
0000             89   P0_6           BIT 0x86
0000             90   P0_7           BIT 0x87
0000             91   IT0            BIT 0x88
0000             92   IE0            BIT 0x89
0000             93   IT1            BIT 0x8a
0000             94   IE1            BIT 0x8b
0000             95   TR0            BIT 0x8c
0000             96   TF0            BIT 0x8d
0000             97   TR1            BIT 0x8e
0000             98   TF1            BIT 0x8f
0000             99   P1_0           BIT 0x90
0000            100   P1_1           BIT 0x91
0000            101   P1_2           BIT 0x92
0000            102   P1_3           BIT 0x93
0000            103   P1_4           BIT 0x94
0000            104   P1_5           BIT 0x95
0000            105   P1_6           BIT 0x96
0000            106   P1_7           BIT 0x97
0000            107   RI             BIT 0x98
0000            108   TI             BIT 0x99
0000            109   RB8            BIT 0x9a
0000            110   TB8            BIT 0x9b
0000            111   REN            BIT 0x9c
0000            112   SM2            BIT 0x9d
0000            113   SM1            BIT 0x9e
0000            114   SM0            BIT 0x9f
0000            115   P2_0           BIT 0xa0
0000            116   P2_1           BIT 0xa1
0000            117   P2_2           BIT 0xa2
0000            118   P2_3           BIT 0xa3
0000            119   P2_4           BIT 0xa4
0000            120   P2_5           BIT 0xa5
0000            121   P2_6           BIT 0xa6
0000            122   P2_7           BIT 0xa7
0000            123   EX0            BIT 0xa8
0000            124   ET0            BIT 0xa9
0000            125   EX1            BIT 0xaa
0000            126   ET1            BIT 0xab
0000            127   ES             BIT 0xac
0000            128   ET2            BIT 0xad
0000            129   EA             BIT 0xaf
0000            130   P3_0           BIT 0xb0
0000            131   P3_1           BIT 0xb1
0000            132   P3_2           BIT 0xb2
0000            133   P3_3           BIT 0xb3
0000            134   P3_4           BIT 0xb4
0000            135   P3_5           BIT 0xb5
0000            136   P3_6           BIT 0xb6
0000            137   P3_7           BIT 0xb7
0000            138   RXD            BIT 0xb0
0000            139   TXD            BIT 0xb1
0000            140   INT0           BIT 0xb2
0000            141   INT1           BIT 0xb3
0000            142   T0             BIT 0xb4
0000            143   T1             BIT 0xb5
0000            144   WR             BIT 0xb6
0000            145   RD             BIT 0xb7
0000            146   PX0            BIT 0xb8
0000            147   PT0            BIT 0xb9
0000            148   PX1            BIT 0xba
0000            149   PT1            BIT 0xbb
0000            150   PS             BIT 0xbc
0000            151   PT2            BIT 0xbd
0000            152   P              BIT 0xd0
0000            153   F1             BIT 0xd1
0000            154   OV             BIT 0xd2
0000            155   RS0            BIT 0xd3
0000            156   RS1            BIT 0xd4
0000            157   F0             BIT 0xd5
0000            158   AC             BIT 0xd6
0000            159   CY             BIT 0xd7
0000            160   T2CON_0        BIT 0xc8
0000            161   T2CON_1        BIT 0xc9
0000            162   T2CON_2        BIT 0xca
0000            163   T2CON_3        BIT 0xcb
0000            164   T2CON_4        BIT 0xcc
0000            165   T2CON_5        BIT 0xcd
0000            166   T2CON_6        BIT 0xce
0000            167   T2CON_7        BIT 0xcf
0000            168   CP_RL2         BIT 0xc8
0000            169   C_T2           BIT 0xc9
0000            170   TR2            BIT 0xca
0000            171   EXEN2          BIT 0xcb
0000            172   TCLK           BIT 0xcc
0000            173   RCLK           BIT 0xcd
0000            174   EXF2           BIT 0xce
0000            175   TF2            BIT 0xcf
0000            176   LEDRA_0        BIT 0xe8
0000            177   LEDRA_1        BIT 0xe9
0000            178   LEDRA_2        BIT 0xea
0000            179   LEDRA_3        BIT 0xeb
0000            180   LEDRA_4        BIT 0xec
0000            181   LEDRA_5        BIT 0xed
0000            182   LEDRA_6        BIT 0xee
0000            183   LEDRA_7        BIT 0xef
0000            184   SWA_0          BIT 0xe8
0000            185   SWA_1          BIT 0xe9
0000            186   SWA_2          BIT 0xea
0000            187   SWA_3          BIT 0xeb
0000            188   SWA_4          BIT 0xec
0000            189   SWA_5          BIT 0xed
0000            190   SWA_6          BIT 0xee
0000            191   SWA_7          BIT 0xef
0000            192   KEY_0          BIT 0xf8
0000            193   KEY_1          BIT 0xf9
0000            194   KEY_2          BIT 0xfa
0000            195   KEY_3          BIT 0xfb
0000            196   P4_0           BIT 0xc0
0000            197   P4_1           BIT 0xc1
0000            198   P4_2           BIT 0xc2
0000            199   P4_3           BIT 0xc3
0000            200   P4_4           BIT 0xc4
0000            201   P4_5           BIT 0xc5
0000            202   P4_6           BIT 0xc6
0000            203   P4_7           BIT 0xc7
0000              2   
0000              3   CLK            equ 33333333
0000              4   BAUD           equ 115200
0000              5   TIMER_2_RELOAD equ (0x10000-(CLK/(32*BAUD)))
0000              6   
0000              7   org 0000H
0000 020071       8      ljmp MyProgram
0003              9   
0003             10   InitSerialPort:
0003 75CBFF      11            mov RCAP2H, #HIGH(TIMER_2_RELOAD);
0006 75CAF7      12            mov RCAP2L, #LOW(TIMER_2_RELOAD);
0009 75C834      13            mov T2CON, #0x34 ; // #00110100B
000C 759852      14            mov SCON, #0x52 ; // Serial port in mode 1, ren, txrdy, rxempty
000F 22          15            ret
0010             16   
0010             17   putchar:
0010 3099FD      18       JNB TI, putchar
0013 C299        19       CLR TI
0015 F599        20       MOV SBUF, a
0017 22          21       RET
0018             22   
0018             23   SendString:
0018 E4          24       CLR A
0019 93          25       MOVC A, @A+DPTR
001A 6006        26       JZ SSDone
001C 120010      27       LCALL putchar
001F A3          28       INC DPTR
0020 80F6        29       SJMP SendString
0022             30   SSDone:
0022 22          31       ret
0023             32   
0023             33   SendBuffer:
0023 7830        34       mov R0, #Buffer
0025             35   SendBuffer1:
0025 E6          36       MOV A, @R0
0026 6006        37       JZ SendBufferDone
0028 120010      38       LCALL putchar
002B 08          39       INC R0
002C 80F7        40       SJMP SendBuffer1
002E             41   SendBufferDone:
002E 22          42       ret
002F             43       
002F             44   Question:
002F 57686174    45       DB  'What is your name?', 0AH, 0DH, 0
     20697320
     796F7572
     206E616D
     653F0A0D
     00
0044             46   Hello:
0044 0A0D4865    47            DB 0AH, 0DH, 'Hello ', 0
     6C6C6F20
     00
004D             48   nlcr:
004D 0A0D00      49            DB 0AH, 0DH, 0
0050             50   
0050             51   getchar:
0050 3098FD      52       jnb RI, getchar
0053 C298        53       clr RI
0055 E599        54       mov a, SBUF
0057 120010      55       lcall putchar
005A 22          56       ret
005B             57   
0030             58   DSEG at 30H
0030             59   buffer: ds 30
004E             60   
005B             61   CSEG
005B             62   GeString:
005B 7830        63       mov R0, #buffer
005D             64   GSLoop:
005D 120050      65       lcall getchar
0060 C0E0        66       push acc
0062 C3          67       clr c
0063 9410        68       subb a, #10H
0065 D0E0        69       pop acc
0067 4005        70       jc GSDone
0069 F6          71       MOV @R0, A
006A 08          72       inc R0
006B B84DEF      73       cjne R0, #(buffer+29), GSLoop ; Prevent buffer overrun
006E             74   GSDone:
006E E4          75       clr a
006F F6          76       mov @R0, a
0070 22          77       ret
0071             78       
0071             79   MyProgram:
0071 75817F      80       MOV SP, #7FH
0074 75E800      81       mov LEDRA, #0
0077 759500      82       mov LEDRB, #0
007A             83       
007A 120003      84       LCALL InitSerialPort
007D 90002F      85       MOV DPTR, #Question
0080             86       
0080 120018      87       LCALL SendString
0083 12005B      88       lcall GeString
0086             89       
0086 900044      90       mov dptr, #Hello
0089 120018      91       lcall SendString
008C             92       
008C 120023      93       lcall SendBuffer
008F             94       
008F 90004D      95       mov dptr, #nlcr
0092 120018      96       LCALL SendString
0095             97       
0095             98   Forever:
0095 80FE        99       SJMP Forever
0097            100   END
